
  .   ____          _            __ _ _
 /\\ / ___'_ __ _ _(_)_ __  __ _ \ \ \ \
( ( )\___ | '_ | '_| | '_ \/ _` | \ \ \ \
 \\/  ___)| |_)| | | | | || (_| |  ) ) ) )
  '  |____| .__|_| |_|_| |_\__, | / / / /
 =========|_|==============|___/=/_/_/_/
 :: Spring Boot ::                (v3.2.0)

2026-06-13T01:06:01.934+08:00  INFO 34636 --- [uav-airspace-controller] [           main] c.u.a.AirspaceControllerApplication      : Starting AirspaceControllerApplication v1.0.0-SNAPSHOT using Java 17.0.19 with PID 34636 (D:\dronesManager\uav-airspace-controller\target\uav-airspace-controller-1.0.0-SNAPSHOT.jar started by Administrator in d:\dronesManager)
2026-06-13T01:06:01.942+08:00  INFO 34636 --- [uav-airspace-controller] [           main] c.u.a.AirspaceControllerApplication      : No active profile set, falling back to 1 default profile: "default"
2026-06-13T01:06:07.681+08:00  INFO 34636 --- [uav-airspace-controller] [           main] o.s.b.w.embedded.tomcat.TomcatWebServer  : Tomcat initialized with port 8084 (http)
2026-06-13T01:06:07.729+08:00  INFO 34636 --- [uav-airspace-controller] [           main] o.apache.catalina.core.StandardService   : Starting service [Tomcat]
2026-06-13T01:06:07.730+08:00  INFO 34636 --- [uav-airspace-controller] [           main] o.apache.catalina.core.StandardEngine    : Starting Servlet engine: [Apache Tomcat/10.1.16]
2026-06-13T01:06:07.955+08:00  INFO 34636 --- [uav-airspace-controller] [           main] o.a.c.c.C.[Tomcat].[localhost].[/]       : Initializing Spring embedded WebApplicationContext
2026-06-13T01:06:07.959+08:00  INFO 34636 --- [uav-airspace-controller] [           main] w.s.c.ServletWebServerApplicationContext : Root WebApplicationContext: initialization completed in 5792 ms
2026-06-13T01:06:11.658+08:00  INFO 34636 --- [uav-airspace-controller] [           main] o.s.b.w.embedded.tomcat.TomcatWebServer  : Tomcat started on port 8084 (http) with context path ''
2026-06-13T01:06:11.956+08:00  INFO 34636 --- [uav-airspace-controller] [           main] o.a.k.clients.consumer.ConsumerConfig    : ConsumerConfig values: 
	allow.auto.create.topics = true
	auto.commit.interval.ms = 5000
	auto.include.jmx.reporter = true
	auto.offset.reset = latest
	bootstrap.servers = [localhost:9092]
	check.crcs = true
	client.dns.lookup = use_all_dns_ips
	client.id = consumer-airspace-controller-1
	client.rack = 
	connections.max.idle.ms = 540000
	default.api.timeout.ms = 60000
	enable.auto.commit = false
	exclude.internal.topics = true
	fetch.max.bytes = 52428800
	fetch.max.wait.ms = 500
	fetch.min.bytes = 1
	group.id = airspace-controller
	group.instance.id = null
	heartbeat.interval.ms = 3000
	interceptor.classes = []
	internal.leave.group.on.close = true
	internal.throw.on.fetch.stable.offset.unsupported = false
	isolation.level = read_uncommitted
	key.deserializer = class org.apache.kafka.common.serialization.StringDeserializer
	max.partition.fetch.bytes = 1048576
	max.poll.interval.ms = 300000
	max.poll.records = 500
	metadata.max.age.ms = 300000
	metric.reporters = []
	metrics.num.samples = 2
	metrics.recording.level = INFO
	metrics.sample.window.ms = 30000
	partition.assignment.strategy = [class org.apache.kafka.clients.consumer.RangeAssignor, class org.apache.kafka.clients.consumer.CooperativeStickyAssignor]
	receive.buffer.bytes = 65536
	reconnect.backoff.max.ms = 1000
	reconnect.backoff.ms = 50
	request.timeout.ms = 30000
	retry.backoff.ms = 100
	sasl.client.callback.handler.class = null
	sasl.jaas.config = null
	sasl.kerberos.kinit.cmd = /usr/bin/kinit
	sasl.kerberos.min.time.before.relogin = 60000
	sasl.kerberos.service.name = null
	sasl.kerberos.ticket.renew.jitter = 0.05
	sasl.kerberos.ticket.renew.window.factor = 0.8
	sasl.login.callback.handler.class = null
	sasl.login.class = null
	sasl.login.connect.timeout.ms = null
	sasl.login.read.timeout.ms = null
	sasl.login.refresh.buffer.seconds = 300
	sasl.login.refresh.min.period.seconds = 60
	sasl.login.refresh.window.factor = 0.8
	sasl.login.refresh.window.jitter = 0.05
	sasl.login.retry.backoff.max.ms = 10000
	sasl.login.retry.backoff.ms = 100
	sasl.mechanism = GSSAPI
	sasl.oauthbearer.clock.skew.seconds = 30
	sasl.oauthbearer.expected.audience = null
	sasl.oauthbearer.expected.issuer = null
	sasl.oauthbearer.jwks.endpoint.refresh.ms = 3600000
	sasl.oauthbearer.jwks.endpoint.retry.backoff.max.ms = 10000
	sasl.oauthbearer.jwks.endpoint.retry.backoff.ms = 100
	sasl.oauthbearer.jwks.endpoint.url = null
	sasl.oauthbearer.scope.claim.name = scope
	sasl.oauthbearer.sub.claim.name = sub
	sasl.oauthbearer.token.endpoint.url = null
	security.protocol = PLAINTEXT
	security.providers = null
	send.buffer.bytes = 131072
	session.timeout.ms = 45000
	socket.connection.setup.timeout.max.ms = 30000
	socket.connection.setup.timeout.ms = 10000
	ssl.cipher.suites = null
	ssl.enabled.protocols = [TLSv1.2, TLSv1.3]
	ssl.endpoint.identification.algorithm = https
	ssl.engine.factory.class = null
	ssl.key.password = null
	ssl.keymanager.algorithm = SunX509
	ssl.keystore.certificate.chain = null
	ssl.keystore.key = null
	ssl.keystore.location = null
	ssl.keystore.password = null
	ssl.keystore.type = JKS
	ssl.protocol = TLSv1.3
	ssl.provider = null
	ssl.secure.random.implementation = null
	ssl.trustmanager.algorithm = PKIX
	ssl.truststore.certificates = null
	ssl.truststore.location = null
	ssl.truststore.password = null
	ssl.truststore.type = JKS
	value.deserializer = class org.apache.kafka.common.serialization.StringDeserializer

2026-06-13T01:06:12.785+08:00  INFO 34636 --- [uav-airspace-controller] [           main] o.a.kafka.common.utils.AppInfoParser     : Kafka version: 3.6.0
2026-06-13T01:06:12.804+08:00  INFO 34636 --- [uav-airspace-controller] [           main] o.a.kafka.common.utils.AppInfoParser     : Kafka commitId: 60e845626d8a465a
2026-06-13T01:06:12.805+08:00  INFO 34636 --- [uav-airspace-controller] [           main] o.a.kafka.common.utils.AppInfoParser     : Kafka startTimeMs: 1781283972771
2026-06-13T01:06:12.822+08:00  INFO 34636 --- [uav-airspace-controller] [           main] fkaConsumerFactory$ExtendedKafkaConsumer : [Consumer clientId=consumer-airspace-controller-1, groupId=airspace-controller] Subscribed to topic(s): uav.telemetry
2026-06-13T01:06:12.970+08:00  INFO 34636 --- [uav-airspace-controller] [           main] c.u.a.AirspaceControllerApplication      : Started AirspaceControllerApplication in 13.225 seconds (process running for 15.369)
========================================
  UAV Airspace Controller started.      
  Port: 8084                             
========================================
2026-06-13T01:06:14.455+08:00  INFO 34636 --- [uav-airspace-controller] [ntainer#0-0-C-1] org.apache.kafka.clients.Metadata        : [Consumer clientId=consumer-airspace-controller-1, groupId=airspace-controller] Cluster ID: MkU3OEVBNTcwNTdENzlFQg
2026-06-13T01:06:14.459+08:00  INFO 34636 --- [uav-airspace-controller] [ntainer#0-0-C-1] o.a.k.c.c.internals.ConsumerCoordinator  : [Consumer clientId=consumer-airspace-controller-1, groupId=airspace-controller] Discovered group coordinator localhost:9092 (id: 2147483646 rack: null)
2026-06-13T01:06:14.468+08:00  INFO 34636 --- [uav-airspace-controller] [ntainer#0-0-C-1] o.a.k.c.c.internals.ConsumerCoordinator  : [Consumer clientId=consumer-airspace-controller-1, groupId=airspace-controller] (Re-)joining group
2026-06-13T01:06:14.527+08:00  INFO 34636 --- [uav-airspace-controller] [ntainer#0-0-C-1] o.a.k.c.c.internals.ConsumerCoordinator  : [Consumer clientId=consumer-airspace-controller-1, groupId=airspace-controller] Request joining group due to: need to re-join with the given member-id: consumer-airspace-controller-1-aa0a12a4-6071-4e25-a1ac-c1f61aa9333a
2026-06-13T01:06:14.528+08:00  INFO 34636 --- [uav-airspace-controller] [ntainer#0-0-C-1] o.a.k.c.c.internals.ConsumerCoordinator  : [Consumer clientId=consumer-airspace-controller-1, groupId=airspace-controller] Request joining group due to: rebalance failed due to 'The group member needs to have a valid member id before actually entering a consumer group.' (MemberIdRequiredException)
2026-06-13T01:06:14.529+08:00  INFO 34636 --- [uav-airspace-controller] [ntainer#0-0-C-1] o.a.k.c.c.internals.ConsumerCoordinator  : [Consumer clientId=consumer-airspace-controller-1, groupId=airspace-controller] (Re-)joining group
2026-06-13T01:06:17.541+08:00  INFO 34636 --- [uav-airspace-controller] [ntainer#0-0-C-1] o.a.k.c.c.internals.ConsumerCoordinator  : [Consumer clientId=consumer-airspace-controller-1, groupId=airspace-controller] Successfully joined group with generation Generation{generationId=31, memberId='consumer-airspace-controller-1-aa0a12a4-6071-4e25-a1ac-c1f61aa9333a', protocol='range'}
2026-06-13T01:06:17.558+08:00  INFO 34636 --- [uav-airspace-controller] [ntainer#0-0-C-1] o.a.k.c.c.internals.ConsumerCoordinator  : [Consumer clientId=consumer-airspace-controller-1, groupId=airspace-controller] Finished assignment for group at generation 31: {consumer-airspace-controller-1-aa0a12a4-6071-4e25-a1ac-c1f61aa9333a=Assignment(partitions=[uav.telemetry-0])}
2026-06-13T01:06:17.575+08:00  INFO 34636 --- [uav-airspace-controller] [ntainer#0-0-C-1] o.a.k.c.c.internals.ConsumerCoordinator  : [Consumer clientId=consumer-airspace-controller-1, groupId=airspace-controller] Successfully synced group in generation Generation{generationId=31, memberId='consumer-airspace-controller-1-aa0a12a4-6071-4e25-a1ac-c1f61aa9333a', protocol='range'}
2026-06-13T01:06:17.577+08:00  INFO 34636 --- [uav-airspace-controller] [ntainer#0-0-C-1] o.a.k.c.c.internals.ConsumerCoordinator  : [Consumer clientId=consumer-airspace-controller-1, groupId=airspace-controller] Notifying assignor about the new Assignment(partitions=[uav.telemetry-0])
2026-06-13T01:06:17.588+08:00  INFO 34636 --- [uav-airspace-controller] [ntainer#0-0-C-1] o.a.k.c.c.internals.ConsumerCoordinator  : [Consumer clientId=consumer-airspace-controller-1, groupId=airspace-controller] Adding newly assigned partitions: uav.telemetry-0
2026-06-13T01:06:17.623+08:00  INFO 34636 --- [uav-airspace-controller] [ntainer#0-0-C-1] o.a.k.c.c.internals.ConsumerCoordinator  : [Consumer clientId=consumer-airspace-controller-1, groupId=airspace-controller] Setting offset for partition uav.telemetry-0 to the committed offset FetchPosition{offset=1191375, offsetEpoch=Optional.empty, currentLeader=LeaderAndEpoch{leader=Optional[localhost:9092 (id: 1 rack: null)], epoch=8}}
2026-06-13T01:06:17.627+08:00  INFO 34636 --- [uav-airspace-controller] [ntainer#0-0-C-1] o.s.k.l.KafkaMessageListenerContainer    : airspace-controller: partitions assigned: [uav.telemetry-0]
2026-06-13T01:15:14.479+08:00  INFO 34636 --- [uav-airspace-controller] [ntainer#0-0-C-1] org.apache.kafka.clients.NetworkClient   : [Consumer clientId=consumer-airspace-controller-1, groupId=airspace-controller] Node -1 disconnected.
