
  .   ____          _            __ _ _
 /\\ / ___'_ __ _ _(_)_ __  __ _ \ \ \ \
( ( )\___ | '_ | '_| | '_ \/ _` | \ \ \ \
 \\/  ___)| |_)| | | | | || (_| |  ) ) ) )
  '  |____| .__|_| |_|_| |_\__, | / / / /
 =========|_|==============|___/=/_/_/_/
 :: Spring Boot ::                (v3.2.0)

2026-06-13T01:06:01.567+08:00  INFO 32240 --- [uav-airspace] [           main] com.uav.airspace.AirspaceApplication     : Starting AirspaceApplication v1.0.0-SNAPSHOT using Java 17.0.19 with PID 32240 (D:\dronesManager\uav-airspace\target\uav-airspace-1.0.0-SNAPSHOT.jar started by Administrator in d:\dronesManager)
2026-06-13T01:06:01.578+08:00 DEBUG 32240 --- [uav-airspace] [           main] com.uav.airspace.AirspaceApplication     : Running with Spring Boot v3.2.0, Spring v6.1.1
2026-06-13T01:06:01.581+08:00  INFO 32240 --- [uav-airspace] [           main] com.uav.airspace.AirspaceApplication     : No active profile set, falling back to 1 default profile: "default"
2026-06-13T01:06:07.886+08:00  INFO 32240 --- [uav-airspace] [           main] o.s.b.w.embedded.tomcat.TomcatWebServer  : Tomcat initialized with port 8085 (http)
2026-06-13T01:06:07.930+08:00  INFO 32240 --- [uav-airspace] [           main] o.apache.catalina.core.StandardService   : Starting service [Tomcat]
2026-06-13T01:06:07.931+08:00  INFO 32240 --- [uav-airspace] [           main] o.apache.catalina.core.StandardEngine    : Starting Servlet engine: [Apache Tomcat/10.1.16]
2026-06-13T01:06:08.097+08:00  INFO 32240 --- [uav-airspace] [           main] o.a.c.c.C.[Tomcat].[localhost].[/]       : Initializing Spring embedded WebApplicationContext
2026-06-13T01:06:08.105+08:00  INFO 32240 --- [uav-airspace] [           main] w.s.c.ServletWebServerApplicationContext : Root WebApplicationContext: initialization completed in 6285 ms
 _ _   |_  _ _|_. ___ _ |    _ 
| | |\/|_)(_| | |_\  |_)||_|_\ 
     /               |         
                        3.5.5 
2026-06-13T01:06:13.108+08:00  INFO 32240 --- [uav-airspace] [           main] o.s.b.w.embedded.tomcat.TomcatWebServer  : Tomcat started on port 8085 (http) with context path ''
2026-06-13T01:06:13.128+08:00  INFO 32240 --- [uav-airspace] [           main] com.uav.airspace.AirspaceApplication     : Started AirspaceApplication in 13.638 seconds (process running for 15.518)
2026-06-13T01:06:13.597+08:00  INFO 32240 --- [uav-airspace] [           main] com.zaxxer.hikari.HikariDataSource       : HikariPool-1 - Starting...
2026-06-13T01:06:14.321+08:00  INFO 32240 --- [uav-airspace] [           main] com.zaxxer.hikari.pool.HikariPool        : HikariPool-1 - Added connection org.postgresql.jdbc.PgConnection@62cf6a84
2026-06-13T01:06:14.329+08:00  INFO 32240 --- [uav-airspace] [           main] com.zaxxer.hikari.HikariDataSource       : HikariPool-1 - Start completed.
2026-06-13T01:06:14.356+08:00 DEBUG 32240 --- [uav-airspace] [           main] c.u.a.mapper.AirspaceMapper.selectCount  : ==>  Preparing: SELECT COUNT( * ) AS total FROM uav_airspace
2026-06-13T01:06:14.439+08:00 DEBUG 32240 --- [uav-airspace] [           main] c.u.a.mapper.AirspaceMapper.selectCount  : ==> Parameters: 
2026-06-13T01:06:14.562+08:00 DEBUG 32240 --- [uav-airspace] [           main] c.u.a.mapper.AirspaceMapper.selectCount  : <==      Total: 1
[AirspaceInit] 空域表已有 7 条记录, 跳过初始化
