
  .   ____          _            __ _ _
 /\\ / ___'_ __ _ _(_)_ __  __ _ \ \ \ \
( ( )\___ | '_ | '_| | '_ \/ _` | \ \ \ \
 \\/  ___)| |_)| | | | | || (_| |  ) ) ) )
  '  |____| .__|_| |_|_| |_\__, | / / / /
 =========|_|==============|___/=/_/_/_/
 :: Spring Boot ::                (v3.2.0)

2026-06-13T01:06:03.064+08:00  INFO 10296 --- [uav-gateway] [           main] com.uav.gateway.GatewayApplication       : Starting GatewayApplication v1.0.0-SNAPSHOT using Java 17.0.19 with PID 10296 (D:\dronesManager\uav-gateway\target\uav-gateway-1.0.0-SNAPSHOT.jar started by Administrator in d:\dronesManager)
2026-06-13T01:06:03.077+08:00  INFO 10296 --- [uav-gateway] [           main] com.uav.gateway.GatewayApplication       : No active profile set, falling back to 1 default profile: "default"
2026-06-13T01:06:08.225+08:00  INFO 10296 --- [uav-gateway] [           main] .s.d.r.c.RepositoryConfigurationDelegate : Multiple Spring Data modules found, entering strict repository configuration mode
2026-06-13T01:06:08.275+08:00  INFO 10296 --- [uav-gateway] [           main] .s.d.r.c.RepositoryConfigurationDelegate : Bootstrapping Spring Data Redis repositories in DEFAULT mode.
2026-06-13T01:06:08.554+08:00  INFO 10296 --- [uav-gateway] [           main] .s.d.r.c.RepositoryConfigurationDelegate : Finished Spring Data repository scanning in 69 ms. Found 0 Redis repository interfaces.
2026-06-13T01:06:10.375+08:00  INFO 10296 --- [uav-gateway] [           main] o.s.cloud.context.scope.GenericScope     : BeanFactory id=bb43fd36-463b-3727-a18c-e827f618b2fd
2026-06-13T01:06:16.898+08:00  INFO 10296 --- [uav-gateway] [           main] o.s.c.g.r.RouteDefinitionRouteLocator    : Loaded RoutePredicateFactory [After]
2026-06-13T01:06:16.899+08:00  INFO 10296 --- [uav-gateway] [           main] o.s.c.g.r.RouteDefinitionRouteLocator    : Loaded RoutePredicateFactory [Before]
2026-06-13T01:06:16.899+08:00  INFO 10296 --- [uav-gateway] [           main] o.s.c.g.r.RouteDefinitionRouteLocator    : Loaded RoutePredicateFactory [Between]
2026-06-13T01:06:16.899+08:00  INFO 10296 --- [uav-gateway] [           main] o.s.c.g.r.RouteDefinitionRouteLocator    : Loaded RoutePredicateFactory [Cookie]
2026-06-13T01:06:16.899+08:00  INFO 10296 --- [uav-gateway] [           main] o.s.c.g.r.RouteDefinitionRouteLocator    : Loaded RoutePredicateFactory [Header]
2026-06-13T01:06:16.899+08:00  INFO 10296 --- [uav-gateway] [           main] o.s.c.g.r.RouteDefinitionRouteLocator    : Loaded RoutePredicateFactory [Host]
2026-06-13T01:06:16.899+08:00  INFO 10296 --- [uav-gateway] [           main] o.s.c.g.r.RouteDefinitionRouteLocator    : Loaded RoutePredicateFactory [Method]
2026-06-13T01:06:16.900+08:00  INFO 10296 --- [uav-gateway] [           main] o.s.c.g.r.RouteDefinitionRouteLocator    : Loaded RoutePredicateFactory [Path]
2026-06-13T01:06:16.900+08:00  INFO 10296 --- [uav-gateway] [           main] o.s.c.g.r.RouteDefinitionRouteLocator    : Loaded RoutePredicateFactory [Query]
2026-06-13T01:06:16.900+08:00  INFO 10296 --- [uav-gateway] [           main] o.s.c.g.r.RouteDefinitionRouteLocator    : Loaded RoutePredicateFactory [ReadBody]
2026-06-13T01:06:16.900+08:00  INFO 10296 --- [uav-gateway] [           main] o.s.c.g.r.RouteDefinitionRouteLocator    : Loaded RoutePredicateFactory [RemoteAddr]
2026-06-13T01:06:16.900+08:00  INFO 10296 --- [uav-gateway] [           main] o.s.c.g.r.RouteDefinitionRouteLocator    : Loaded RoutePredicateFactory [XForwardedRemoteAddr]
2026-06-13T01:06:16.900+08:00  INFO 10296 --- [uav-gateway] [           main] o.s.c.g.r.RouteDefinitionRouteLocator    : Loaded RoutePredicateFactory [Weight]
2026-06-13T01:06:16.900+08:00  INFO 10296 --- [uav-gateway] [           main] o.s.c.g.r.RouteDefinitionRouteLocator    : Loaded RoutePredicateFactory [CloudFoundryRouteService]
2026-06-13T01:06:18.914+08:00  INFO 10296 --- [uav-gateway] [           main] o.s.b.web.embedded.netty.NettyWebServer  : Netty started on port 8080
2026-06-13T01:06:20.437+08:00  INFO 10296 --- [uav-gateway] [           main] com.uav.gateway.GatewayApplication       : Started GatewayApplication in 20.217 seconds (process running for 22.905)
========================================
  UAV Gateway (API网关) started.       
  Port: 8080 → 统一入口                
========================================
