
  .   ____          _            __ _ _
 /\\ / ___'_ __ _ _(_)_ __  __ _ \ \ \ \
( ( )\___ | '_ | '_| | '_ \/ _` | \ \ \ \
 \\/  ___)| |_)| | | | | || (_| |  ) ) ) )
  '  |____| .__|_| |_|_| |_\__, | / / / /
 =========|_|==============|___/=/_/_/_/
 :: Spring Boot ::                (v3.2.0)

2026-06-13T01:06:01.732+08:00  INFO 24860 --- [uav-pilot] [           main] com.uav.pilot.PilotApplication           : Starting PilotApplication v1.0.0-SNAPSHOT using Java 17.0.19 with PID 24860 (D:\dronesManager\uav-pilot\target\uav-pilot-1.0.0-SNAPSHOT.jar started by Administrator in d:\dronesManager)
2026-06-13T01:06:01.755+08:00 DEBUG 24860 --- [uav-pilot] [           main] com.uav.pilot.PilotApplication           : Running with Spring Boot v3.2.0, Spring v6.1.1
2026-06-13T01:06:01.758+08:00  INFO 24860 --- [uav-pilot] [           main] com.uav.pilot.PilotApplication           : No active profile set, falling back to 1 default profile: "default"
2026-06-13T01:06:08.499+08:00  INFO 24860 --- [uav-pilot] [           main] o.s.b.w.embedded.tomcat.TomcatWebServer  : Tomcat initialized with port 8087 (http)
2026-06-13T01:06:08.540+08:00  INFO 24860 --- [uav-pilot] [           main] o.apache.catalina.core.StandardService   : Starting service [Tomcat]
2026-06-13T01:06:08.542+08:00  INFO 24860 --- [uav-pilot] [           main] o.apache.catalina.core.StandardEngine    : Starting Servlet engine: [Apache Tomcat/10.1.16]
2026-06-13T01:06:08.851+08:00  INFO 24860 --- [uav-pilot] [           main] o.a.c.c.C.[Tomcat].[localhost].[/]       : Initializing Spring embedded WebApplicationContext
2026-06-13T01:06:08.859+08:00  INFO 24860 --- [uav-pilot] [           main] w.s.c.ServletWebServerApplicationContext : Root WebApplicationContext: initialization completed in 6838 ms
 _ _   |_  _ _|_. ___ _ |    _ 
| | |\/|_)(_| | |_\  |_)||_|_\ 
     /               |         
                        3.5.5 
2026-06-13T01:06:14.887+08:00  INFO 24860 --- [uav-pilot] [           main] o.s.b.w.embedded.tomcat.TomcatWebServer  : Tomcat started on port 8087 (http) with context path ''
2026-06-13T01:06:14.915+08:00  INFO 24860 --- [uav-pilot] [           main] com.uav.pilot.PilotApplication           : Started PilotApplication in 15.623 seconds (process running for 17.283)
========================================
  UAV Pilot (º› ª‘±π‹¿Ì) started.       
  Port: 8087                            
========================================
