
  .   ____          _            __ _ _
 /\\ / ___'_ __ _ _(_)_ __  __ _ \ \ \ \
( ( )\___ | '_ | '_| | '_ \/ _` | \ \ \ \
 \\/  ___)| |_)| | | | | || (_| |  ) ) ) )
  '  |____| .__|_| |_|_| |_\__, | / / / /
 =========|_|==============|___/=/_/_/_/
 :: Spring Boot ::                (v3.2.0)

2026-06-13T01:06:01.548+08:00  INFO 36892 --- [uav-risk-assessment] [           main] com.uav.risk.RiskAssessmentApplication   : Starting RiskAssessmentApplication v1.0.0-SNAPSHOT using Java 17.0.19 with PID 36892 (D:\dronesManager\uav-risk-assessment\target\uav-risk-assessment-1.0.0-SNAPSHOT.jar started by Administrator in d:\dronesManager)
2026-06-13T01:06:01.556+08:00 DEBUG 36892 --- [uav-risk-assessment] [           main] com.uav.risk.RiskAssessmentApplication   : Running with Spring Boot v3.2.0, Spring v6.1.1
2026-06-13T01:06:01.560+08:00  INFO 36892 --- [uav-risk-assessment] [           main] com.uav.risk.RiskAssessmentApplication   : No active profile set, falling back to 1 default profile: "default"
2026-06-13T01:06:05.880+08:00  INFO 36892 --- [uav-risk-assessment] [           main] .s.d.r.c.RepositoryConfigurationDelegate : Multiple Spring Data modules found, entering strict repository configuration mode
2026-06-13T01:06:05.891+08:00  INFO 36892 --- [uav-risk-assessment] [           main] .s.d.r.c.RepositoryConfigurationDelegate : Bootstrapping Spring Data Redis repositories in DEFAULT mode.
2026-06-13T01:06:06.007+08:00  INFO 36892 --- [uav-risk-assessment] [           main] .s.d.r.c.RepositoryConfigurationDelegate : Finished Spring Data repository scanning in 42 ms. Found 0 Redis repository interfaces.
2026-06-13T01:06:08.393+08:00  INFO 36892 --- [uav-risk-assessment] [           main] o.s.b.w.embedded.tomcat.TomcatWebServer  : Tomcat initialized with port 8083 (http)
2026-06-13T01:06:08.451+08:00  INFO 36892 --- [uav-risk-assessment] [           main] o.apache.catalina.core.StandardService   : Starting service [Tomcat]
2026-06-13T01:06:08.453+08:00  INFO 36892 --- [uav-risk-assessment] [           main] o.apache.catalina.core.StandardEngine    : Starting Servlet engine: [Apache Tomcat/10.1.16]
2026-06-13T01:06:08.700+08:00  INFO 36892 --- [uav-risk-assessment] [           main] o.a.c.c.C.[Tomcat].[localhost].[/]       : Initializing Spring embedded WebApplicationContext
2026-06-13T01:06:08.710+08:00  INFO 36892 --- [uav-risk-assessment] [           main] w.s.c.ServletWebServerApplicationContext : Root WebApplicationContext: initialization completed in 6919 ms
2026-06-13T01:06:14.192+08:00  WARN 36892 --- [uav-risk-assessment] [           main] ConfigServletWebServerApplicationContext : Exception encountered during context initialization - cancelling refresh attempt: org.springframework.context.ApplicationContextException: Failed to start bean 'webServerStartStop'
2026-06-13T01:06:14.315+08:00  INFO 36892 --- [uav-risk-assessment] [           main] .s.b.a.l.ConditionEvaluationReportLogger : 

Error starting ApplicationContext. To display the condition evaluation report re-run your application with 'debug' enabled.
2026-06-13T01:06:14.408+08:00 ERROR 36892 --- [uav-risk-assessment] [           main] o.s.b.d.LoggingFailureAnalysisReporter   : 

***************************
APPLICATION FAILED TO START
***************************

Description:

Web server failed to start. Port 8083 was already in use.

Action:

Identify and stop the process that's listening on port 8083 or configure this application to listen on another port.

