2026/06/13 01:05:58.283054 main.go:27: 🛸 无人机仿真系统启动中... mode=simulation
2026/06/13 01:05:58.353532 main.go:51: 📋 加载场景: 百万级压力测试 → 10000 架 STRESS
2026/06/13 01:05:58.967782 main.go:62: ✅ 共创建 10000 架仿真无人机
2026/06/13 01:05:58.987172 client.go:59: [MQTT] 已连接至 tcp://127.0.0.1:1883
2026/06/13 01:06:09.008548 main.go:170: 📊 [状态] 总数:10000 飞行:0 违规:6925 | MQTT发送:10000 错误:0
2026/06/13 01:06:18.987593 main.go:170: 📊 [状态] 总数:10000 飞行:0 违规:6925 | MQTT发送:10000 错误:0
2026/06/13 01:06:28.987672 main.go:170: 📊 [状态] 总数:10000 飞行:0 违规:4813 | MQTT发送:15963 错误:0
2026/06/13 01:06:38.988019 main.go:170: 📊 [状态] 总数:10000 飞行:0 违规:4813 | MQTT发送:20000 错误:0
2026/06/13 01:06:48.987173 main.go:170: 📊 [状态] 总数:10000 飞行:0 违规:4813 | MQTT发送:20000 错误:0
2026/06/13 01:06:58.987392 main.go:170: 📊 [状态] 总数:10000 飞行:3075 违规:3443 | MQTT发送:20000 错误:0
2026/06/13 01:07:08.987596 main.go:170: 📊 [状态] 总数:10000 飞行:3075 违规:3443 | MQTT发送:30000 错误:0
2026/06/13 01:07:18.987741 main.go:170: 📊 [状态] 总数:10000 飞行:5187 违规:2417 | MQTT发送:30000 错误:0
2026/06/13 01:07:28.987302 main.go:170: 📊 [状态] 总数:10000 飞行:6569 违规:1714 | MQTT发送:50000 错误:0
2026/06/13 01:07:38.987363 main.go:170: 📊 [状态] 总数:10000 飞行:6569 违规:1714 | MQTT发送:50000 错误:0
2026/06/13 01:07:48.987674 main.go:170: 📊 [状态] 总数:10000 飞行:7604 违规:1240 | MQTT发送:60000 错误:0
2026/06/13 01:07:58.987350 main.go:170: 📊 [状态] 总数:10000 飞行:8342 违规:910 | MQTT发送:60000 错误:0
2026/06/13 01:08:08.987643 main.go:170: 📊 [状态] 总数:10000 飞行:8342 违规:910 | MQTT发送:60000 错误:0
2026/06/13 01:08:18.987243 main.go:170: 📊 [状态] 总数:10000 飞行:8843 违规:713 | MQTT发送:70000 错误:0
2026/06/13 01:08:28.987347 main.go:170: 📊 [状态] 总数:10000 飞行:9204 违规:588 | MQTT发送:80000 错误:0
2026/06/13 01:08:38.987231 main.go:170: 📊 [状态] 总数:10000 飞行:9433 违规:500 | MQTT发送:100000 错误:0
2026/06/13 01:08:48.987626 main.go:170: 📊 [状态] 总数:10000 飞行:9597 违规:464 | MQTT发送:100000 错误:0
2026/06/13 01:08:58.987531 main.go:170: 📊 [状态] 总数:10000 飞行:9597 违规:464 | MQTT发送:100000 错误:0
2026/06/13 01:09:08.987557 main.go:170: 📊 [状态] 总数:10000 飞行:9597 违规:464 | MQTT发送:110000 错误:0
2026/06/13 01:09:18.987456 main.go:170: 📊 [状态] 总数:10000 飞行:9722 违规:434 | MQTT发送:110000 错误:0
2026/06/13 01:09:28.987701 main.go:170: 📊 [状态] 总数:10000 飞行:9800 违规:428 | MQTT发送:130000 错误:0
2026/06/13 01:09:38.987220 main.go:170: 📊 [状态] 总数:10000 飞行:9800 违规:428 | MQTT发送:130000 错误:0
2026/06/13 01:09:48.987528 main.go:170: 📊 [状态] 总数:10000 飞行:9800 违规:428 | MQTT发送:130000 错误:0
2026/06/13 01:09:58.987581 main.go:170: 📊 [状态] 总数:10000 飞行:9800 违规:428 | MQTT发送:130000 错误:0
2026/06/13 01:10:08.987194 main.go:170: 📊 [状态] 总数:10000 飞行:9867 违规:448 | MQTT发送:130000 错误:0
2026/06/13 01:10:18.987548 main.go:170: 📊 [状态] 总数:10000 飞行:9867 违规:448 | MQTT发送:130000 错误:0
2026/06/13 01:10:28.987615 main.go:170: 📊 [状态] 总数:10000 飞行:9867 违规:448 | MQTT发送:130000 错误:0
2026/06/13 01:10:38.987979 main.go:170: 📊 [状态] 总数:10000 飞行:9867 违规:448 | MQTT发送:140000 错误:0
2026/06/13 01:10:48.987551 main.go:170: 📊 [状态] 总数:10000 飞行:9867 违规:448 | MQTT发送:140000 错误:0
2026/06/13 01:10:58.987292 main.go:170: 📊 [状态] 总数:10000 飞行:9908 违规:455 | MQTT发送:150000 错误:0
2026/06/13 01:11:08.987429 main.go:170: 📊 [状态] 总数:10000 飞行:9908 违规:455 | MQTT发送:150000 错误:0
2026/06/13 01:11:18.987553 main.go:170: 📊 [状态] 总数:10000 飞行:9951 违规:530 | MQTT发送:150000 错误:0
2026/06/13 01:11:28.987416 main.go:170: 📊 [状态] 总数:10000 飞行:9951 违规:530 | MQTT发送:170000 错误:0
2026/06/13 01:11:38.987520 main.go:170: 📊 [状态] 总数:10000 飞行:9951 违规:530 | MQTT发送:170000 错误:0
2026/06/13 01:11:48.987486 main.go:170: 📊 [状态] 总数:10000 飞行:9969 违规:578 | MQTT发送:180000 错误:0
2026/06/13 01:11:58.987460 main.go:170: 📊 [状态] 总数:10000 飞行:9983 违规:610 | MQTT发送:180000 错误:0
2026/06/13 01:12:08.987577 main.go:170: 📊 [状态] 总数:10000 飞行:9983 违规:610 | MQTT发送:180000 错误:0
2026/06/13 01:12:18.987471 main.go:170: 📊 [状态] 总数:10000 飞行:9987 违规:637 | MQTT发送:180000 错误:0
2026/06/13 01:12:28.987646 main.go:170: 📊 [状态] 总数:10000 飞行:9987 违规:637 | MQTT发送:180000 错误:0
2026/06/13 01:12:38.987616 main.go:170: 📊 [状态] 总数:10000 飞行:9987 违规:637 | MQTT发送:180000 错误:0
2026/06/13 01:12:48.987537 main.go:170: 📊 [状态] 总数:10000 飞行:9987 违规:637 | MQTT发送:210000 错误:0
2026/06/13 01:12:58.987574 main.go:170: 📊 [状态] 总数:10000 飞行:9987 违规:637 | MQTT发送:210000 错误:0
2026/06/13 01:13:08.987748 main.go:170: 📊 [状态] 总数:10000 飞行:9987 违规:637 | MQTT发送:210000 错误:0
2026/06/13 01:13:18.987680 main.go:170: 📊 [状态] 总数:10000 飞行:9991 违规:682 | MQTT发送:210000 错误:0
2026/06/13 01:13:28.987628 main.go:170: 📊 [状态] 总数:10000 飞行:9991 违规:682 | MQTT发送:210000 错误:0
2026/06/13 01:13:38.987530 main.go:170: 📊 [状态] 总数:10000 飞行:9991 违规:682 | MQTT发送:210340 错误:0
2026/06/13 01:13:48.987901 main.go:170: 📊 [状态] 总数:10000 飞行:9998 违规:753 | MQTT发送:240000 错误:0
2026/06/13 01:13:58.987227 main.go:170: 📊 [状态] 总数:10000 飞行:9998 违规:753 | MQTT发送:240000 错误:0
2026/06/13 01:14:08.987719 main.go:170: 📊 [状态] 总数:10000 飞行:9998 违规:753 | MQTT发送:240000 错误:0
2026/06/13 01:14:18.987285 main.go:170: 📊 [状态] 总数:10000 飞行:9999 违规:797 | MQTT发送:240000 错误:0
2026/06/13 01:14:28.987783 main.go:170: 📊 [状态] 总数:10000 飞行:10000 违规:873 | MQTT发送:270000 错误:0
2026/06/13 01:14:38.987571 main.go:170: 📊 [状态] 总数:10000 飞行:10000 违规:873 | MQTT发送:270000 错误:0
2026/06/13 01:14:48.987489 main.go:170: 📊 [状态] 总数:10000 飞行:10000 违规:873 | MQTT发送:270000 错误:0
2026/06/13 01:14:58.987585 main.go:170: 📊 [状态] 总数:10000 飞行:10000 违规:912 | MQTT发送:270000 错误:0
2026/06/13 01:15:08.987424 main.go:170: 📊 [状态] 总数:10000 飞行:10000 违规:912 | MQTT发送:270000 错误:0
2026/06/13 01:15:18.987198 main.go:170: 📊 [状态] 总数:10000 飞行:10000 违规:912 | MQTT发送:270000 错误:0
2026/06/13 01:15:28.987626 main.go:170: 📊 [状态] 总数:10000 飞行:10000 违规:947 | MQTT发送:270000 错误:0
2026/06/13 01:15:38.987495 main.go:170: 📊 [状态] 总数:10000 飞行:10000 违规:979 | MQTT发送:300000 错误:0
2026/06/13 01:15:48.987659 main.go:170: 📊 [状态] 总数:10000 飞行:10000 违规:979 | MQTT发送:300000 错误:0
2026/06/13 01:15:58.987413 main.go:170: 📊 [状态] 总数:10000 飞行:10000 违规:1025 | MQTT发送:300000 错误:0
2026/06/13 01:16:08.987194 main.go:170: 📊 [状态] 总数:10000 飞行:10000 违规:1025 | MQTT发送:300000 错误:0
2026/06/13 01:16:18.987644 main.go:170: 📊 [状态] 总数:10000 飞行:10000 违规:1025 | MQTT发送:300000 错误:0
2026/06/13 01:16:28.987421 main.go:170: 📊 [状态] 总数:10000 飞行:10000 违规:1025 | MQTT发送:300000 错误:0
2026/06/13 01:16:38.987225 main.go:170: 📊 [状态] 总数:10000 飞行:10000 违规:1025 | MQTT发送:300000 错误:0
2026/06/13 01:16:48.987598 main.go:170: 📊 [状态] 总数:10000 飞行:10000 违规:1025 | MQTT发送:300000 错误:0
2026/06/13 01:16:58.987750 main.go:170: 📊 [状态] 总数:10000 飞行:10000 违规:1025 | MQTT发送:300000 错误:0
2026/06/13 01:17:08.987299 main.go:170: 📊 [状态] 总数:10000 飞行:10000 违规:1092 | MQTT发送:330000 错误:0
2026/06/13 01:17:18.987372 main.go:170: 📊 [状态] 总数:10000 飞行:10000 违规:1092 | MQTT发送:330000 错误:0
2026/06/13 01:17:28.987332 main.go:170: 📊 [状态] 总数:10000 飞行:10000 违规:1092 | MQTT发送:330000 错误:0
2026/06/13 01:17:38.987694 main.go:170: 📊 [状态] 总数:10000 飞行:10000 违规:1127 | MQTT发送:330000 错误:0
2026/06/13 01:17:48.987413 main.go:170: 📊 [状态] 总数:10000 飞行:10000 违规:1146 | MQTT发送:340000 错误:0
2026/06/13 01:17:58.987642 main.go:170: 📊 [状态] 总数:10000 飞行:10000 违规:1146 | MQTT发送:340000 错误:0
2026/06/13 01:18:08.987891 main.go:170: 📊 [状态] 总数:10000 飞行:10000 违规:1188 | MQTT发送:340000 错误:0
2026/06/13 01:18:18.987482 main.go:170: 📊 [状态] 总数:10000 飞行:10000 违规:1188 | MQTT发送:340000 错误:0
2026/06/13 01:18:28.987569 main.go:170: 📊 [状态] 总数:10000 飞行:10000 违规:1188 | MQTT发送:340000 错误:0
2026/06/13 01:18:38.987277 main.go:170: 📊 [状态] 总数:10000 飞行:10000 违规:1188 | MQTT发送:340000 错误:0
2026/06/13 01:18:48.987687 main.go:170: 📊 [状态] 总数:10000 飞行:10000 违规:1188 | MQTT发送:360000 错误:0
2026/06/13 01:18:58.987665 main.go:170: 📊 [状态] 总数:10000 飞行:10000 违规:1188 | MQTT发送:360000 错误:0
2026/06/13 01:19:08.987273 main.go:170: 📊 [状态] 总数:10000 飞行:10000 违规:1188 | MQTT发送:360000 错误:0
2026/06/13 01:19:18.987666 main.go:170: 📊 [状态] 总数:10000 飞行:10000 违规:1225 | MQTT发送:360000 错误:0
2026/06/13 01:19:28.987678 main.go:170: 📊 [状态] 总数:10000 飞行:10000 违规:1225 | MQTT发送:360000 错误:0
2026/06/13 01:19:38.987601 main.go:170: 📊 [状态] 总数:10000 飞行:10000 违规:1225 | MQTT发送:360000 错误:0
2026/06/13 01:19:48.987641 main.go:170: 📊 [状态] 总数:10000 飞行:10000 违规:1249 | MQTT发送:370000 错误:0
2026/06/13 01:19:58.987670 main.go:170: 📊 [状态] 总数:10000 飞行:10000 违规:1286 | MQTT发送:380000 错误:0
2026/06/13 01:20:08.987990 main.go:170: 📊 [状态] 总数:10000 飞行:10000 违规:1286 | MQTT发送:380000 错误:0
2026/06/13 01:20:18.987194 main.go:170: 📊 [状态] 总数:10000 飞行:10000 违规:1330 | MQTT发送:400000 错误:0
2026/06/13 01:20:28.987776 main.go:170: 📊 [状态] 总数:10000 飞行:10000 违规:1364 | MQTT发送:400000 错误:0
2026/06/13 01:20:38.987234 main.go:170: 📊 [状态] 总数:10000 飞行:10000 违规:1364 | MQTT发送:400000 错误:0
2026/06/13 01:20:48.987261 main.go:170: 📊 [状态] 总数:10000 飞行:10000 违规:1397 | MQTT发送:400000 错误:0
2026/06/13 01:20:58.987566 main.go:170: 📊 [状态] 总数:10000 飞行:10000 违规:1397 | MQTT发送:420000 错误:0
2026/06/13 01:21:08.987293 main.go:170: 📊 [状态] 总数:10000 飞行:10000 违规:1397 | MQTT发送:420000 错误:0
2026/06/13 01:21:18.987703 main.go:170: 📊 [状态] 总数:10000 飞行:10000 违规:1397 | MQTT发送:420000 错误:0
2026/06/13 01:21:28.987689 main.go:170: 📊 [状态] 总数:10000 飞行:10000 违规:1397 | MQTT发送:420000 错误:0
2026/06/13 01:21:38.987676 main.go:170: 📊 [状态] 总数:10000 飞行:10000 违规:1425 | MQTT发送:430000 错误:0
2026/06/13 01:21:48.987639 main.go:170: 📊 [状态] 总数:10000 飞行:10000 违规:1425 | MQTT发送:430000 错误:0
