
  .   ____          _            __ _ _
 /\\ / ___'_ __ _ _(_)_ __  __ _ \ \ \ \
( ( )\___ | '_ | '_| | '_ \/ _` | \ \ \ \
 \\/  ___)| |_)| | | | | || (_| |  ) ) ) )
  '  |____| .__|_| |_|_| |_\__, | / / / /
 =========|_|==============|___/=/_/_/_/
 :: Spring Boot ::                (v3.2.0)

2026-06-13T01:06:01.643+08:00  INFO 31900 --- [uav-system] [           main] com.uav.system.SystemApplication         : Starting SystemApplication v1.0.0-SNAPSHOT using Java 17.0.19 with PID 31900 (D:\dronesManager\uav-system\target\uav-system-1.0.0-SNAPSHOT.jar started by Administrator in d:\dronesManager)
2026-06-13T01:06:01.650+08:00 DEBUG 31900 --- [uav-system] [           main] com.uav.system.SystemApplication         : Running with Spring Boot v3.2.0, Spring v6.1.1
2026-06-13T01:06:01.663+08:00  INFO 31900 --- [uav-system] [           main] com.uav.system.SystemApplication         : No active profile set, falling back to 1 default profile: "default"
2026-06-13T01:06:06.043+08:00  INFO 31900 --- [uav-system] [           main] .s.d.r.c.RepositoryConfigurationDelegate : Multiple Spring Data modules found, entering strict repository configuration mode
2026-06-13T01:06:06.053+08:00  INFO 31900 --- [uav-system] [           main] .s.d.r.c.RepositoryConfigurationDelegate : Bootstrapping Spring Data Redis repositories in DEFAULT mode.
2026-06-13T01:06:06.135+08:00  INFO 31900 --- [uav-system] [           main] .s.d.r.c.RepositoryConfigurationDelegate : Finished Spring Data repository scanning in 32 ms. Found 0 Redis repository interfaces.
2026-06-13T01:06:10.460+08:00  INFO 31900 --- [uav-system] [           main] o.s.b.w.embedded.tomcat.TomcatWebServer  : Tomcat initialized with port 8081 (http)
2026-06-13T01:06:10.535+08:00  INFO 31900 --- [uav-system] [           main] o.apache.catalina.core.StandardService   : Starting service [Tomcat]
2026-06-13T01:06:10.537+08:00  INFO 31900 --- [uav-system] [           main] o.apache.catalina.core.StandardEngine    : Starting Servlet engine: [Apache Tomcat/10.1.16]
2026-06-13T01:06:10.953+08:00  INFO 31900 --- [uav-system] [           main] o.a.c.c.C.[Tomcat].[localhost].[/]       : Initializing Spring embedded WebApplicationContext
2026-06-13T01:06:10.958+08:00  INFO 31900 --- [uav-system] [           main] w.s.c.ServletWebServerApplicationContext : Root WebApplicationContext: initialization completed in 9039 ms
2026-06-13T01:06:11.239+08:00 DEBUG 31900 --- [uav-system] [           main] c.u.s.security.JwtAuthenticationFilter   : Filter 'jwtAuthenticationFilter' configured for use
 _ _   |_  _ _|_. ___ _ |    _ 
| | |\/|_)(_| | |_\  |_)||_|_\ 
     /               |         
                        3.5.5 
2026-06-13T01:06:14.216+08:00  WARN 31900 --- [uav-system] [           main] .s.s.UserDetailsServiceAutoConfiguration : 

Using generated security password: 1e3677b7-426f-4c31-be6d-7093f60fe231

This generated password is for development use only. Your security configuration must be updated before running your application in production.

2026-06-13T01:06:15.367+08:00  INFO 31900 --- [uav-system] [           main] o.s.s.web.DefaultSecurityFilterChain     : Will secure any request with [org.springframework.security.web.session.DisableEncodeUrlFilter@3ef3f661, org.springframework.security.web.context.request.async.WebAsyncManagerIntegrationFilter@baa9ce4, org.springframework.security.web.context.SecurityContextHolderFilter@21516c88, org.springframework.security.web.header.HeaderWriterFilter@66d3b881, org.springframework.web.filter.CorsFilter@5b332439, org.springframework.security.web.authentication.logout.LogoutFilter@5170bc02, com.uav.system.security.JwtAuthenticationFilter@7bdf61ad, org.springframework.security.web.savedrequest.RequestCacheAwareFilter@13004dd8, org.springframework.security.web.servletapi.SecurityContextHolderAwareRequestFilter@4fc6e776, org.springframework.security.web.authentication.AnonymousAuthenticationFilter@59262a90, org.springframework.security.web.session.SessionManagementFilter@3271ec2a, org.springframework.security.web.access.ExceptionTranslationFilter@1cba0321, org.springframework.security.web.access.intercept.AuthorizationFilter@23e2c1ca]
2026-06-13T01:06:17.727+08:00  INFO 31900 --- [uav-system] [           main] o.s.b.w.embedded.tomcat.TomcatWebServer  : Tomcat started on port 8081 (http) with context path ''
2026-06-13T01:06:17.753+08:00  INFO 31900 --- [uav-system] [           main] com.uav.system.SystemApplication         : Started SystemApplication in 17.987 seconds (process running for 20.198)
2026-06-13T01:06:18.249+08:00  INFO 31900 --- [uav-system] [           main] com.zaxxer.hikari.HikariDataSource       : HikariPool-1 - Starting...
2026-06-13T01:06:18.693+08:00  INFO 31900 --- [uav-system] [           main] com.zaxxer.hikari.pool.HikariPool        : HikariPool-1 - Added connection org.postgresql.jdbc.PgConnection@12e3f4ae
2026-06-13T01:06:18.698+08:00  INFO 31900 --- [uav-system] [           main] com.zaxxer.hikari.HikariDataSource       : HikariPool-1 - Start completed.
2026-06-13T01:06:18.723+08:00 DEBUG 31900 --- [uav-system] [           main] c.u.s.mapper.SysUserMapper.selectCount   : ==>  Preparing: SELECT COUNT( * ) AS total FROM sys_user WHERE (username = ?)
2026-06-13T01:06:18.762+08:00 DEBUG 31900 --- [uav-system] [           main] c.u.s.mapper.SysUserMapper.selectCount   : ==> Parameters: admin(String)
2026-06-13T01:06:18.845+08:00 DEBUG 31900 --- [uav-system] [           main] c.u.s.mapper.SysUserMapper.selectCount   : <==      Total: 1
2026-06-13T01:06:18.904+08:00 DEBUG 31900 --- [uav-system] [           main] c.u.s.mapper.SysUserMapper.selectCount   : ==>  Preparing: SELECT COUNT( * ) AS total FROM sys_user WHERE (username = ?)
2026-06-13T01:06:18.905+08:00 DEBUG 31900 --- [uav-system] [           main] c.u.s.mapper.SysUserMapper.selectCount   : ==> Parameters: military01(String)
2026-06-13T01:06:18.909+08:00 DEBUG 31900 --- [uav-system] [           main] c.u.s.mapper.SysUserMapper.selectCount   : <==      Total: 1
2026-06-13T01:06:18.913+08:00 DEBUG 31900 --- [uav-system] [           main] c.u.s.mapper.SysUserMapper.selectCount   : ==>  Preparing: SELECT COUNT( * ) AS total FROM sys_user WHERE (username = ?)
2026-06-13T01:06:18.914+08:00 DEBUG 31900 --- [uav-system] [           main] c.u.s.mapper.SysUserMapper.selectCount   : ==> Parameters: regulator01(String)
2026-06-13T01:06:18.918+08:00 DEBUG 31900 --- [uav-system] [           main] c.u.s.mapper.SysUserMapper.selectCount   : <==      Total: 1
2026-06-13T01:06:18.922+08:00 DEBUG 31900 --- [uav-system] [           main] c.u.s.mapper.SysUserMapper.selectCount   : ==>  Preparing: SELECT COUNT( * ) AS total FROM sys_user WHERE (username = ?)
2026-06-13T01:06:18.923+08:00 DEBUG 31900 --- [uav-system] [           main] c.u.s.mapper.SysUserMapper.selectCount   : ==> Parameters: operator01(String)
2026-06-13T01:06:18.927+08:00 DEBUG 31900 --- [uav-system] [           main] c.u.s.mapper.SysUserMapper.selectCount   : <==      Total: 1
2026-06-13T01:06:18.929+08:00 DEBUG 31900 --- [uav-system] [           main] c.u.s.mapper.SysUserMapper.selectCount   : ==>  Preparing: SELECT COUNT( * ) AS total FROM sys_user WHERE (username = ?)
2026-06-13T01:06:18.930+08:00 DEBUG 31900 --- [uav-system] [           main] c.u.s.mapper.SysUserMapper.selectCount   : ==> Parameters: pilot01(String)
2026-06-13T01:06:18.934+08:00 DEBUG 31900 --- [uav-system] [           main] c.u.s.mapper.SysUserMapper.selectCount   : <==      Total: 1
2026-06-13T01:06:18.936+08:00  INFO 31900 --- [uav-system] [           main] com.uav.system.config.DataInitializer    : ========================================
2026-06-13T01:06:18.936+08:00  INFO 31900 --- [uav-system] [           main] com.uav.system.config.DataInitializer    :   默认账户已初始化:
2026-06-13T01:06:18.939+08:00  INFO 31900 --- [uav-system] [           main] com.uav.system.config.DataInitializer    :   admin / admin123       (系统管理员)
2026-06-13T01:06:18.939+08:00  INFO 31900 --- [uav-system] [           main] com.uav.system.config.DataInitializer    :   military01 / military123 (军民协调员, MFA=123456)
2026-06-13T01:06:18.939+08:00  INFO 31900 --- [uav-system] [           main] com.uav.system.config.DataInitializer    :   regulator01 / reg123   (监管员)
2026-06-13T01:06:18.940+08:00  INFO 31900 --- [uav-system] [           main] com.uav.system.config.DataInitializer    :   operator01 / oper123   (操作员)
2026-06-13T01:06:18.940+08:00  INFO 31900 --- [uav-system] [           main] com.uav.system.config.DataInitializer    :   pilot01 / pilot123     (驾驶员)
2026-06-13T01:06:18.940+08:00  INFO 31900 --- [uav-system] [           main] com.uav.system.config.DataInitializer    : ========================================
========================================
  UAV System (RBAC) started.            
  Port: 8081                            
========================================
